node_modules/@oxc-project/types/types.d.ts(862,28): error TS1005: ';' expected.
node_modules/@types/node/buffer.d.ts(3,57): error TS1005: ';' expected.
node_modules/@types/node/buffer.d.ts(6,57): error TS1005: ';' expected.
node_modules/@types/node/buffer.d.ts(1949,58): error TS1005: ';' expected.
node_modules/@types/node/buffer.d.ts(1958,58): error TS1005: ';' expected.
node_modules/@types/node/fs/promises.d.ts(418,35): error TS1005: ';' expected.
node_modules/@types/node/fs/promises.d.ts(418,51): error TS1005: ';' expected.
node_modules/@types/node/test.d.ts(2449,44): error TS1005: ';' expected.
node_modules/@types/node/test.d.ts(2452,30): error TS1005: ';' expected.
node_modules/@types/node/test.d.ts(2455,30): error TS1005: ';' expected.
node_modules/@types/node/test.d.ts(2458,27): error TS1005: ';' expected.
node_modules/@types/node/test.d.ts(2461,28): error TS1005: ';' expected.
node_modules/@types/node/test.d.ts(2464,29): error TS1005: ';' expected.
node_modules/@types/node/test.d.ts(2467,36): error TS1005: ';' expected.
node_modules/@types/node/util.d.ts(1943,35): error TS1005: ';' expected.
node_modules/@types/node/web-globals/domexception.d.ts(49,37): error TS1005: ';' expected.
node_modules/@types/node/web-globals/events.d.ts(96,57): error TS1005: ';' expected.
node_modules/@types/node/web-globals/fetch.d.ts(59,60): error TS1005: ';' expected.
node_modules/@types/node/web-globals/fetch.d.ts(64,59): error TS1005: ';' expected.
node_modules/@types/node/web-globals/fetch.d.ts(79,59): error TS1005: ';' expected.
node_modules/@types/node/web-globals/fetch.d.ts(86,60): error TS1005: ';' expected.
node_modules/@types/node/web-globals/fetch.d.ts(93,61): error TS1005: ';' expected.
node_modules/@types/node/web-globals/navigator.d.ts(15,59): error TS1005: ';' expected.
node_modules/@types/node/web-globals/navigator.d.ts(23,61): error TS1005: ';' expected.
node_modules/@types/node/web-globals/storage.d.ts(17,57): error TS1005: ';' expected.
node_modules/@types/react/index.d.ts(1179,38): error TS1388: Constructor type notation must be parenthesized when used in an intersection type.
node_modules/postcss/lib/input.d.ts(188,45): error TS1005: ';' expected.
node_modules/postcss/lib/postcss.d.ts(193,44): error TS1005: ';' expected.
node_modules/undici-types/cookies.d.ts(21,32): error TS1005: ';' expected.
